// Validating benchmarks:
// ***** BenchmarkRunner: Start   *****
// ***** Found 2 benchmark(s) in total *****
// ***** Building 1 exe(s) in Parallel: Start   *****
// start dotnet  restore /p:UseSharedCompilation=false /p:BuildInParallel=false /m:1 /p:Deterministic=true /p:Optimize=true /p:IntermediateOutputPath="/Users/dmitryafonchenko/repos/csharpshortpostsexamples/BenchmarkExperiment/bin/Release/net10.0/196da2e5-3126-4c17-a062-ba652f5ad89b/obj/Release/net10.0/" /p:OutDir="/Users/dmitryafonchenko/repos/csharpshortpostsexamples/BenchmarkExperiment/bin/Release/net10.0/196da2e5-3126-4c17-a062-ba652f5ad89b/bin/Release/net10.0/" /p:OutputPath="/Users/dmitryafonchenko/repos/csharpshortpostsexamples/BenchmarkExperiment/bin/Release/net10.0/196da2e5-3126-4c17-a062-ba652f5ad89b/bin/Release/net10.0/" in /Users/dmitryafonchenko/repos/csharpshortpostsexamples/BenchmarkExperiment/bin/Release/net10.0/196da2e5-3126-4c17-a062-ba652f5ad89b
// command took 1.24 sec and exited with 0
// start dotnet  build -c Release --no-restore /p:UseSharedCompilation=false /p:BuildInParallel=false /m:1 /p:Deterministic=true /p:Optimize=true /p:IntermediateOutputPath="/Users/dmitryafonchenko/repos/csharpshortpostsexamples/BenchmarkExperiment/bin/Release/net10.0/196da2e5-3126-4c17-a062-ba652f5ad89b/obj/Release/net10.0/" /p:OutDir="/Users/dmitryafonchenko/repos/csharpshortpostsexamples/BenchmarkExperiment/bin/Release/net10.0/196da2e5-3126-4c17-a062-ba652f5ad89b/bin/Release/net10.0/" /p:OutputPath="/Users/dmitryafonchenko/repos/csharpshortpostsexamples/BenchmarkExperiment/bin/Release/net10.0/196da2e5-3126-4c17-a062-ba652f5ad89b/bin/Release/net10.0/" --output "/Users/dmitryafonchenko/repos/csharpshortpostsexamples/BenchmarkExperiment/bin/Release/net10.0/196da2e5-3126-4c17-a062-ba652f5ad89b/bin/Release/net10.0/" in /Users/dmitryafonchenko/repos/csharpshortpostsexamples/BenchmarkExperiment/bin/Release/net10.0/196da2e5-3126-4c17-a062-ba652f5ad89b
// command took 5.69 sec and exited with 0
// ***** Done, took 00:00:17 (17.03 sec)   *****
// Found 2 benchmarks:
//   EmbeddingBenchmarks.'1 строка': Dry(IterationCount=1, LaunchCount=1, RunStrategy=ColdStart, UnrollFactor=1, WarmupCount=1)
//   EmbeddingBenchmarks.'10 строк': Dry(IterationCount=1, LaunchCount=1, RunStrategy=ColdStart, UnrollFactor=1, WarmupCount=1)

// **************************
// Benchmark: EmbeddingBenchmarks.'1 строка': Dry(IterationCount=1, LaunchCount=1, RunStrategy=ColdStart, UnrollFactor=1, WarmupCount=1)
// *** Execute ***
// Launch: 1 / 1
// Execute: dotnet 196da2e5-3126-4c17-a062-ba652f5ad89b.dll --anonymousPipes 108 115 --benchmarkName BenchmarkExperiment.EmbeddingBenchmarks.SingleString --job Dry --benchmarkId 0 in /Users/dmitryafonchenko/repos/csharpshortpostsexamples/BenchmarkExperiment/bin/Release/net10.0/196da2e5-3126-4c17-a062-ba652f5ad89b/bin/Release/net10.0
// Failed to set up high priority (Permission denied). In order to run benchmarks with high priority, make sure you have the right permissions.
// BeforeAnythingElse

// Benchmark Process Environment Information:
// BenchmarkDotNet v0.14.0
// Runtime=.NET 10.0.0 (10.0.25.52411), Arm64 RyuJIT AdvSIMD
// GC=Concurrent Workstation
// HardwareIntrinsics=AdvSIMD,AES,CRC32,DP,RDM,SHA1,SHA256 VectorSize=128
// Job: Dry(IterationCount=1, LaunchCount=1, RunStrategy=ColdStart, UnrollFactor=1, WarmupCount=1)

// BeforeActualRun
WorkloadActual   1: 1 op, 8684709.00 ns, 8.6847 ms/op

// AfterActualRun
WorkloadResult   1: 1 op, 8684709.00 ns, 8.6847 ms/op
// GC:  0 0 0 3656 1
// Threading:  0 0 1

// AfterAll
// Benchmark Process 53081 has exited with code 0.

Mean = 8.685 ms, StdErr = 0.000 ms (0.00%), N = 1, StdDev = 0.000 ms
Min = 8.685 ms, Q1 = 8.685 ms, Median = 8.685 ms, Q3 = 8.685 ms, Max = 8.685 ms
IQR = 0.000 ms, LowerFence = 8.685 ms, UpperFence = 8.685 ms
ConfidenceInterval = [NaN ms; NaN ms] (CI 99.9%), Margin = NaN ms (NaN% of Mean)
Skewness = NaN, Kurtosis = NaN, MValue = 2

// ** Remained 1 (50,0 %) benchmark(s) to run. Estimated finish 2026-03-10 17:22 (0h 0m from now) **
// **************************
// Benchmark: EmbeddingBenchmarks.'10 строк': Dry(IterationCount=1, LaunchCount=1, RunStrategy=ColdStart, UnrollFactor=1, WarmupCount=1)
// *** Execute ***
// Launch: 1 / 1
// Execute: dotnet 196da2e5-3126-4c17-a062-ba652f5ad89b.dll --anonymousPipes 108 115 --benchmarkName BenchmarkExperiment.EmbeddingBenchmarks.TenStrings --job Dry --benchmarkId 1 in /Users/dmitryafonchenko/repos/csharpshortpostsexamples/BenchmarkExperiment/bin/Release/net10.0/196da2e5-3126-4c17-a062-ba652f5ad89b/bin/Release/net10.0
// Failed to set up high priority (Permission denied). In order to run benchmarks with high priority, make sure you have the right permissions.
// BeforeAnythingElse

// Benchmark Process Environment Information:
// BenchmarkDotNet v0.14.0
// Runtime=.NET 10.0.0 (10.0.25.52411), Arm64 RyuJIT AdvSIMD
// GC=Concurrent Workstation
// HardwareIntrinsics=AdvSIMD,AES,CRC32,DP,RDM,SHA1,SHA256 VectorSize=128
// Job: Dry(IterationCount=1, LaunchCount=1, RunStrategy=ColdStart, UnrollFactor=1, WarmupCount=1)

// BeforeActualRun
WorkloadActual   1: 1 op, 11946458.00 ns, 11.9465 ms/op

// AfterActualRun
WorkloadResult   1: 1 op, 11946458.00 ns, 11.9465 ms/op
// GC:  0 0 0 27544 1
// Threading:  0 0 1

// AfterAll
// Benchmark Process 53083 has exited with code 0.

Mean = 11.946 ms, StdErr = 0.000 ms (0.00%), N = 1, StdDev = 0.000 ms
Min = 11.946 ms, Q1 = 11.946 ms, Median = 11.946 ms, Q3 = 11.946 ms, Max = 11.946 ms
IQR = 0.000 ms, LowerFence = 11.946 ms, UpperFence = 11.946 ms
ConfidenceInterval = [NaN ms; NaN ms] (CI 99.9%), Margin = NaN ms (NaN% of Mean)
Skewness = NaN, Kurtosis = NaN, MValue = 2

// ** Remained 0 (0,0 %) benchmark(s) to run. Estimated finish 2026-03-10 17:22 (0h 0m from now) **
// ***** BenchmarkRunner: Finish  *****

// * Export *
  BenchmarkDotNet.Artifacts/results/BenchmarkExperiment.EmbeddingBenchmarks-report.csv
  BenchmarkDotNet.Artifacts/results/BenchmarkExperiment.EmbeddingBenchmarks-report-github.md
  BenchmarkDotNet.Artifacts/results/BenchmarkExperiment.EmbeddingBenchmarks-report.html

// * Detailed results *
EmbeddingBenchmarks.'1 строка': Dry(IterationCount=1, LaunchCount=1, RunStrategy=ColdStart, UnrollFactor=1, WarmupCount=1)
Runtime = .NET 10.0.0 (10.0.25.52411), Arm64 RyuJIT AdvSIMD; GC = Concurrent Workstation
Mean = 8.685 ms, StdErr = 0.000 ms (0.00%), N = 1, StdDev = 0.000 ms
Min = 8.685 ms, Q1 = 8.685 ms, Median = 8.685 ms, Q3 = 8.685 ms, Max = 8.685 ms
IQR = 0.000 ms, LowerFence = 8.685 ms, UpperFence = 8.685 ms
ConfidenceInterval = [NaN ms; NaN ms] (CI 99.9%), Margin = NaN ms (NaN% of Mean)
Skewness = NaN, Kurtosis = NaN, MValue = 2
-------------------- Histogram --------------------
[8.685 ms ; 8.685 ms) | @
---------------------------------------------------

EmbeddingBenchmarks.'10 строк': Dry(IterationCount=1, LaunchCount=1, RunStrategy=ColdStart, UnrollFactor=1, WarmupCount=1)
Runtime = .NET 10.0.0 (10.0.25.52411), Arm64 RyuJIT AdvSIMD; GC = Concurrent Workstation
Mean = 11.946 ms, StdErr = 0.000 ms (0.00%), N = 1, StdDev = 0.000 ms
Min = 11.946 ms, Q1 = 11.946 ms, Median = 11.946 ms, Q3 = 11.946 ms, Max = 11.946 ms
IQR = 0.000 ms, LowerFence = 11.946 ms, UpperFence = 11.946 ms
ConfidenceInterval = [NaN ms; NaN ms] (CI 99.9%), Margin = NaN ms (NaN% of Mean)
Skewness = NaN, Kurtosis = NaN, MValue = 2
-------------------- Histogram --------------------
[11.946 ms ; 11.946 ms) | @
---------------------------------------------------

// * Summary *

BenchmarkDotNet v0.14.0, macOS 26.2 (25C56) [Darwin 25.2.0]
Apple M4 2.40GHz, 1 CPU, 10 logical and 10 physical cores
.NET SDK 10.0.100
  [Host] : .NET 10.0.0 (10.0.25.52411), Arm64 RyuJIT AdvSIMD
  Dry    : .NET 10.0.0 (10.0.25.52411), Arm64 RyuJIT AdvSIMD

Job=Dry  IterationCount=1  LaunchCount=1  
RunStrategy=ColdStart  UnrollFactor=1  WarmupCount=1  

| Method     | Mean      | Error | Ratio | Allocated | Alloc Ratio |
|----------- |----------:|------:|------:|----------:|------------:|
| '1 строка' |  8.685 ms |    NA |  1.00 |         - |          NA |
| '10 строк' | 11.946 ms |    NA |  1.38 |   27544 B |          NA |

// * Warnings *
MinIterationTime
  EmbeddingBenchmarks.'1 строка': Dry -> The minimum observed iteration time is 8.685ms which is very small. It's recommended to increase it to at least 100ms using more operations.
  EmbeddingBenchmarks.'10 строк': Dry -> The minimum observed iteration time is 11.946ms which is very small. It's recommended to increase it to at least 100ms using more operations.

// * Legends *
  Mean        : Arithmetic mean of all measurements
  Error       : Half of 99.9% confidence interval
  Ratio       : Mean of the ratio distribution ([Current]/[Baseline])
  Allocated   : Allocated memory per single operation (managed only, inclusive, 1KB = 1024B)
  Alloc Ratio : Allocated memory ratio distribution ([Current]/[Baseline])
  1 ms        : 1 Millisecond (0.001 sec)

// * Diagnostic Output - MemoryDiagnoser *


// ***** BenchmarkRunner: End *****
Run time: 00:00:00 (0.46 sec), executed benchmarks: 2

Global total time: 00:00:18 (18.22 sec), executed benchmarks: 2
// * Artifacts cleanup *
Artifacts cleanup is finished
